
===== IDENTITY =====
2026-09-02T01:01:13Z
jpbo-024-02.jupiter.internal
job_id=1618998
JobId=1618998 JobName=jp-topology UserId=[redacted-user]([redacted-id]) GroupId=[redacted-user]([redacted-id]) MCS_label=N/A Priority=352011 Nice=0 Account=e-dev-2026d09-128 QOS=normal JobState=RUNNING Reason=None Dependency=(null) Requeue=0 Restarts=0 BatchFlag=1 Reboot=0 ExitCode=0:0 RunTime=00:00:12 TimeLimit=00:05:00 TimeMin=N/A SubmitTime=2026-09-02T02:59:52 EligibleTime=2026-09-02T02:59:52 AccrueTime=2026-09-02T02:59:52 StartTime=2026-09-02T03:01:01 EndTime=2026-09-02T03:06:05 Deadline=N/A SuspendTime=None SecsPreSuspend=0 LastSchedEval=2026-09-02T03:00:59 Scheduler=Backfill Partition=booster AllocNode:Sid=jpbl-s03-01-interconnect-1.jupiter.internal:1627222 ReqNodeList=(null) ExcNodeList=(null) NodeList=jpbo-024-02 BatchHost=jpbo-024-02 NumNodes=1 NumCPUs=288 NumTasks=4 CPUs/Task=72 ReqB:S:C:T=0:0:*:1 ReqTRES=cpu=288,mem=878535M,node=1,billing=288,gres/gpu=4 AllocTRES=cpu=288,node=1,billing=288,gres/gpu=4,gres/gpu:gh200=4 Socks/Node=* NtasksPerN:B:S:C=4:0:*:* CoreSpec=* MinCPUsNode=288 MinMemoryNode=0 MinTmpDiskNode=0 Features=(null) DelayBoot=00:00:00 OverSubscribe=NO Contiguous=0 Licenses=(null) Network=(null) Command=/e/home/jusers/[redacted-user]/jupiter/eurohpc-agent-bridge/jobs/jupiter_topology_probe.sbatch WorkDir=/e/home/jusers/[redacted-user]/jupiter StdErr=/e/home/jusers/[redacted-user]/jupiter/jupiter-topology-1618998.out StdIn=/dev/null StdOut=/e/home/jusers/[redacted-user]/jupiter/jupiter-topology-1618998.out TresBind=gres/gpu:per_task:1 TresPerJob=gres/gpu:4 TresPerTask=cpu=72,gres/gpu=1 
NodeName=jpbo-024-02 Arch=aarch64 CoresPerSocket=72  CPUAlloc=288 CPUEfctv=288 CPUTot=288 CPULoad=1.00 AvailableFeatures=rack024,dfpg05 ActiveFeatures=rack024,dfpg05 Gres=gpu:gh200:4(S:0-3) NodeAddr=10.128.24.146 NodeHostName=jpbo-024-02 Version=24.11.7-BullSequana.1.4 OS=Linux 5.14.0-687.41.1.el9_8.aarch64+64k #1 SMP PREEMPT_DYNAMIC Wed Aug 19 08:26:07 UTC 2026  RealMemory=878535 AllocMem=0 FreeMem=717492 Sockets=4 Boards=1 State=ALLOCATED ThreadsPerCore=1 TmpDisk=0 Weight=1 Owner=N/A MCS_label=N/A Partitions=booster,largebooster  BootTime=2026-08-27T10:09:59 SlurmdStartTime=2026-09-01T17:12:01 LastBusyTime=2026-09-02T03:00:28 ResumeAfterTime=None CfgTRES=cpu=288,mem=878535M,billing=288,gres/gpu=4,gres/gpu:gh200=4 AllocTRES=cpu=288,gres/gpu=4,gres/gpu:gh200=4 CurrentWatts=0 AveWatts=0 

===== CPU_MEMORY =====
Architecture:                            aarch64
CPU op-mode(s):                          64-bit
Byte Order:                              Little Endian
CPU(s):                                  288
On-line CPU(s) list:                     0-287
Vendor ID:                               ARM
Model name:                              Neoverse-V2
Model:                                   0
Thread(s) per core:                      1
Core(s) per socket:                      72
Socket(s):                               4
Stepping:                                r0p0
Frequency boost:                         disabled
CPU(s) scaling MHz:                      100%
CPU max MHz:                             3447.0000
CPU min MHz:                             81.0000
BogoMIPS:                                2000.00
Flags:                                   fp asimd evtstrm aes pmull sha1 sha2 crc32 atomics fphp asimdhp cpuid asimdrdm jscvt fcma lrcpc dcpop sha3 sm3 sm4 asimddp sha512 sve asimdfhm dit uscat ilrcpc flagm sb dcpodp sve2 sveaes svepmull svebitperm svesha3 svesm4 flagm2 frint svei8mm svebf16 i8mm bf16 dgh
L1d cache:                               18 MiB (288 instances)
L1i cache:                               18 MiB (288 instances)
L2 cache:                                288 MiB (288 instances)
L3 cache:                                456 MiB (4 instances)
NUMA node(s):                            36
NUMA node0 CPU(s):                       0-71
NUMA node1 CPU(s):                       72-143
NUMA node2 CPU(s):                       144-215
NUMA node3 CPU(s):                       216-287
NUMA node4 CPU(s):                       
NUMA node5 CPU(s):                       
NUMA node6 CPU(s):                       
NUMA node7 CPU(s):                       
NUMA node8 CPU(s):                       
NUMA node9 CPU(s):                       
NUMA node10 CPU(s):                      
NUMA node11 CPU(s):                      
NUMA node12 CPU(s):                      
NUMA node13 CPU(s):                      
NUMA node14 CPU(s):                      
NUMA node15 CPU(s):                      
NUMA node16 CPU(s):                      
NUMA node17 CPU(s):                      
NUMA node18 CPU(s):                      
NUMA node19 CPU(s):                      
NUMA node20 CPU(s):                      
NUMA node21 CPU(s):                      
NUMA node22 CPU(s):                      
NUMA node23 CPU(s):                      
NUMA node24 CPU(s):                      
NUMA node25 CPU(s):                      
NUMA node26 CPU(s):                      
NUMA node27 CPU(s):                      
NUMA node28 CPU(s):                      
NUMA node29 CPU(s):                      
NUMA node30 CPU(s):                      
NUMA node31 CPU(s):                      
NUMA node32 CPU(s):                      
NUMA node33 CPU(s):                      
NUMA node34 CPU(s):                      
NUMA node35 CPU(s):                      
Vulnerability Gather data sampling:      Not affected
Vulnerability Indirect target selection: Not affected
Vulnerability Itlb multihit:             Not affected
Vulnerability L1tf:                      Not affected
Vulnerability Mds:                       Not affected
Vulnerability Meltdown:                  Not affected
Vulnerability Mmio stale data:           Not affected
Vulnerability Old microcode:             Not affected
Vulnerability Reg file data sampling:    Not affected
Vulnerability Retbleed:                  Not affected
Vulnerability Spec rstack overflow:      Not affected
Vulnerability Spec store bypass:         Mitigation; Speculative Store Bypass disabled via prctl
Vulnerability Spectre v1:                Mitigation; __user pointer sanitization
Vulnerability Spectre v2:                Mitigation; CSV2, BHB
Vulnerability Srbds:                     Not affected
Vulnerability Tsa:                       Not affected
Vulnerability Tsx async abort:           Not affected
Vulnerability Vmscape:                   Not affected
CPU NODE SOCKET CORE ONLINE
  0    0      0    0    yes
  1    0      0    1    yes
  2    0      0    2    yes
  3    0      0    3    yes
  4    0      0    4    yes
  5    0      0    5    yes
  6    0      0    6    yes
  7    0      0    7    yes
  8    0      0    8    yes
  9    0      0    9    yes
 10    0      0   10    yes
 11    0      0   11    yes
 12    0      0   12    yes
 13    0      0   13    yes
 14    0      0   14    yes
 15    0      0   15    yes
 16    0      0   16    yes
 17    0      0   17    yes
 18    0      0   18    yes
 19    0      0   19    yes
 20    0      0   20    yes
 21    0      0   21    yes
 22    0      0   22    yes
 23    0      0   23    yes
 24    0      0   24    yes
 25    0      0   25    yes
 26    0      0   26    yes
 27    0      0   27    yes
 28    0      0   28    yes
 29    0      0   29    yes
 30    0      0   30    yes
 31    0      0   31    yes
 32    0      0   32    yes
 33    0      0   33    yes
 34    0      0   34    yes
 35    0      0   35    yes
 36    0      0   36    yes
 37    0      0   37    yes
 38    0      0   38    yes
 39    0      0   39    yes
 40    0      0   40    yes
 41    0      0   41    yes
 42    0      0   42    yes
 43    0      0   43    yes
 44    0      0   44    yes
 45    0      0   45    yes
 46    0      0   46    yes
 47    0      0   47    yes
 48    0      0   48    yes
 49    0      0   49    yes
 50    0      0   50    yes
 51    0      0   51    yes
 52    0      0   52    yes
 53    0      0   53    yes
 54    0      0   54    yes
 55    0      0   55    yes
 56    0      0   56    yes
 57    0      0   57    yes
 58    0      0   58    yes
 59    0      0   59    yes
 60    0      0   60    yes
 61    0      0   61    yes
 62    0      0   62    yes
 63    0      0   63    yes
 64    0      0   64    yes
 65    0      0   65    yes
 66    0      0   66    yes
 67    0      0   67    yes
 68    0      0   68    yes
 69    0      0   69    yes
 70    0      0   70    yes
 71    0      0   71    yes
 72    1      1   72    yes
 73    1      1   73    yes
 74    1      1   74    yes
 75    1      1   75    yes
 76    1      1   76    yes
 77    1      1   77    yes
 78    1      1   78    yes
 79    1      1   79    yes
 80    1      1   80    yes
 81    1      1   81    yes
 82    1      1   82    yes
 83    1      1   83    yes
 84    1      1   84    yes
 85    1      1   85    yes
 86    1      1   86    yes
 87    1      1   87    yes
 88    1      1   88    yes
 89    1      1   89    yes
 90    1      1   90    yes
 91    1      1   91    yes
 92    1      1   92    yes
 93    1      1   93    yes
 94    1      1   94    yes
 95    1      1   95    yes
 96    1      1   96    yes
 97    1      1   97    yes
 98    1      1   98    yes
 99    1      1   99    yes
100    1      1  100    yes
101    1      1  101    yes
102    1      1  102    yes
103    1      1  103    yes
104    1      1  104    yes
105    1      1  105    yes
106    1      1  106    yes
107    1      1  107    yes
108    1      1  108    yes
109    1      1  109    yes
110    1      1  110    yes
111    1      1  111    yes
112    1      1  112    yes
113    1      1  113    yes
114    1      1  114    yes
115    1      1  115    yes
116    1      1  116    yes
117    1      1  117    yes
118    1      1  118    yes
119    1      1  119    yes
120    1      1  120    yes
121    1      1  121    yes
122    1      1  122    yes
123    1      1  123    yes
124    1      1  124    yes
125    1      1  125    yes
126    1      1  126    yes
127    1      1  127    yes
128    1      1  128    yes
129    1      1  129    yes
130    1      1  130    yes
131    1      1  131    yes
132    1      1  132    yes
133    1      1  133    yes
134    1      1  134    yes
135    1      1  135    yes
136    1      1  136    yes
137    1      1  137    yes
138    1      1  138    yes
139    1      1  139    yes
140    1      1  140    yes
141    1      1  141    yes
142    1      1  142    yes
143    1      1  143    yes
144    2      2  144    yes
145    2      2  145    yes
146    2      2  146    yes
147    2      2  147    yes
148    2      2  148    yes
149    2      2  149    yes
150    2      2  150    yes
151    2      2  151    yes
152    2      2  152    yes
153    2      2  153    yes
154    2      2  154    yes
155    2      2  155    yes
156    2      2  156    yes
157    2      2  157    yes
158    2      2  158    yes
159    2      2  159    yes
160    2      2  160    yes
161    2      2  161    yes
162    2      2  162    yes
163    2      2  163    yes
164    2      2  164    yes
165    2      2  165    yes
166    2      2  166    yes
167    2      2  167    yes
168    2      2  168    yes
169    2      2  169    yes
170    2      2  170    yes
171    2      2  171    yes
172    2      2  172    yes
173    2      2  173    yes
174    2      2  174    yes
175    2      2  175    yes
176    2      2  176    yes
177    2      2  177    yes
178    2      2  178    yes
179    2      2  179    yes
180    2      2  180    yes
181    2      2  181    yes
182    2      2  182    yes
183    2      2  183    yes
184    2      2  184    yes
185    2      2  185    yes
186    2      2  186    yes
187    2      2  187    yes
188    2      2  188    yes
189    2      2  189    yes
190    2      2  190    yes
191    2      2  191    yes
192    2      2  192    yes
193    2      2  193    yes
194    2      2  194    yes
195    2      2  195    yes
196    2      2  196    yes
197    2      2  197    yes
198    2      2  198    yes
199    2      2  199    yes
200    2      2  200    yes
201    2      2  201    yes
202    2      2  202    yes
203    2      2  203    yes
204    2      2  204    yes
205    2      2  205    yes
206    2      2  206    yes
207    2      2  207    yes
208    2      2  208    yes
209    2      2  209    yes
210    2      2  210    yes
211    2      2  211    yes
212    2      2  212    yes
213    2      2  213    yes
214    2      2  214    yes
215    2      2  215    yes
216    3      3  216    yes
217    3      3  217    yes
218    3      3  218    yes
219    3      3  219    yes
220    3      3  220    yes
221    3      3  221    yes
222    3      3  222    yes
223    3      3  223    yes
224    3      3  224    yes
225    3      3  225    yes
226    3      3  226    yes
227    3      3  227    yes
228    3      3  228    yes
229    3      3  229    yes
230    3      3  230    yes
231    3      3  231    yes
232    3      3  232    yes
233    3      3  233    yes
234    3      3  234    yes
235    3      3  235    yes
236    3      3  236    yes
237    3      3  237    yes
238    3      3  238    yes
239    3      3  239    yes
240    3      3  240    yes
241    3      3  241    yes
242    3      3  242    yes
243    3      3  243    yes
244    3      3  244    yes
245    3      3  245    yes
246    3      3  246    yes
247    3      3  247    yes
248    3      3  248    yes
249    3      3  249    yes
250    3      3  250    yes
251    3      3  251    yes
252    3      3  252    yes
253    3      3  253    yes
254    3      3  254    yes
255    3      3  255    yes
256    3      3  256    yes
257    3      3  257    yes
258    3      3  258    yes
259    3      3  259    yes
260    3      3  260    yes
261    3      3  261    yes
262    3      3  262    yes
263    3      3  263    yes
264    3      3  264    yes
265    3      3  265    yes
266    3      3  266    yes
267    3      3  267    yes
268    3      3  268    yes
269    3      3  269    yes
270    3      3  270    yes
271    3      3  271    yes
272    3      3  272    yes
273    3      3  273    yes
274    3      3  274    yes
275    3      3  275    yes
276    3      3  276    yes
277    3      3  277    yes
278    3      3  278    yes
279    3      3  279    yes
280    3      3  280    yes
281    3      3  281    yes
282    3      3  282    yes
283    3      3  283    yes
284    3      3  284    yes
285    3      3  285    yes
286    3      3  286    yes
287    3      3  287    yes
               total        used        free      shared  buff/cache   available
Mem:           857Gi        81Gi       822Gi       1.4Gi       4.6Gi       776Gi
Swap:             0B          0B          0B
available: 36 nodes (0-35)
node 0 cpus: 0 1 2 3 4 5 6 7 8 9 10 11 12 13 14 15 16 17 18 19 20 21 22 23 24 25 26 27 28 29 30 31 32 33 34 35 36 37 38 39 40 41 42 43 44 45 46 47 48 49 50 51 52 53 54 55 56 57 58 59 60 61 62 63 64 65 66 67 68 69 70 71
node 0 size: 121677 MB
node 0 free: 114743 MB
node 1 cpus: 72 73 74 75 76 77 78 79 80 81 82 83 84 85 86 87 88 89 90 91 92 93 94 95 96 97 98 99 100 101 102 103 104 105 106 107 108 109 110 111 112 113 114 115 116 117 118 119 120 121 122 123 124 125 126 127 128 129 130 131 132 133 134 135 136 137 138 139 140 141 142 143
node 1 size: 122586 MB
node 1 free: 115722 MB
node 2 cpus: 144 145 146 147 148 149 150 151 152 153 154 155 156 157 158 159 160 161 162 163 164 165 166 167 168 169 170 171 172 173 174 175 176 177 178 179 180 181 182 183 184 185 186 187 188 189 190 191 192 193 194 195 196 197 198 199 200 201 202 203 204 205 206 207 208 209 210 211 212 213 214 215
node 2 size: 122632 MB
node 2 free: 110584 MB
node 3 cpus: 216 217 218 219 220 221 222 223 224 225 226 227 228 229 230 231 232 233 234 235 236 237 238 239 240 241 242 243 244 245 246 247 248 249 250 251 252 253 254 255 256 257 258 259 260 261 262 263 264 265 266 267 268 269 270 271 272 273 274 275 276 277 278 279 280 281 282 283 284 285 286 287
node 3 size: 122518 MB
node 3 free: 111659 MB
node 4 cpus:
node 4 size: 97280 MB
node 4 free: 97277 MB
node 5 cpus:
node 5 size: 0 MB
node 5 free: 0 MB
node 6 cpus:
node 6 size: 0 MB
node 6 free: 0 MB
node 7 cpus:
node 7 size: 0 MB
node 7 free: 0 MB
node 8 cpus:
node 8 size: 0 MB
node 8 free: 0 MB
node 9 cpus:
node 9 size: 0 MB
node 9 free: 0 MB
node 10 cpus:
node 10 size: 0 MB
node 10 free: 0 MB
node 11 cpus:
node 11 size: 0 MB
node 11 free: 0 MB
node 12 cpus:
node 12 size: 97280 MB
node 12 free: 97273 MB
node 13 cpus:
node 13 size: 0 MB
node 13 free: 0 MB
node 14 cpus:
node 14 size: 0 MB
node 14 free: 0 MB
node 15 cpus:
node 15 size: 0 MB
node 15 free: 0 MB
node 16 cpus:
node 16 size: 0 MB
node 16 free: 0 MB
node 17 cpus:
node 17 size: 0 MB
node 17 free: 0 MB
node 18 cpus:
node 18 size: 0 MB
node 18 free: 0 MB
node 19 cpus:
node 19 size: 0 MB
node 19 free: 0 MB
node 20 cpus:
node 20 size: 97280 MB
node 20 free: 97280 MB
node 21 cpus:
node 21 size: 0 MB
node 21 free: 0 MB
node 22 cpus:
node 22 size: 0 MB
node 22 free: 0 MB
node 23 cpus:
node 23 size: 0 MB
node 23 free: 0 MB
node 24 cpus:
node 24 size: 0 MB
node 24 free: 0 MB
node 25 cpus:
node 25 size: 0 MB
node 25 free: 0 MB
node 26 cpus:
node 26 size: 0 MB
node 26 free: 0 MB
node 27 cpus:
node 27 size: 0 MB
node 27 free: 0 MB
node 28 cpus:
node 28 size: 97280 MB
node 28 free: 97277 MB
node 29 cpus:
node 29 size: 0 MB
node 29 free: 0 MB
node 30 cpus:
node 30 size: 0 MB
node 30 free: 0 MB
node 31 cpus:
node 31 size: 0 MB
node 31 free: 0 MB
node 32 cpus:
node 32 size: 0 MB
node 32 free: 0 MB
node 33 cpus:
node 33 size: 0 MB
node 33 free: 0 MB
node 34 cpus:
node 34 size: 0 MB
node 34 free: 0 MB
node 35 cpus:
node 35 size: 0 MB
node 35 free: 0 MB
node distances:
node     0    1    2    3    4    5    6    7    8    9   10   11   12   13   14   15   16   17   18   19   20   21   22   23   24   25   26   27   28   29   30   31   32   33   34   35 
   0:   10   40   40   40   80   80   80   80   80   80   80   80  120  120  120  120  120  120  120  120  120  120  120  120  120  120  120  120  120  120  120  120  120  120  120  120 
   1:   40   10   40   40  120  120  120  120  120  120  120  120   80   80   80   80   80   80   80   80  120  120  120  120  120  120  120  120  120  120  120  120  120  120  120  120 
   2:   40   40   10   40  120  120  120  120  120  120  120  120  120  120  120  120  120  120  120  120   80   80   80   80   80   80   80   80  120  120  120  120  120  120  120  120 
   3:   40   40   40   10  120  120  120  120  120  120  120  120  120  120  120  120  120  120  120  120  120  120  120  120  120  120  120  120   80   80   80   80   80   80   80   80 
   4:   80  120  120  120   10   11   11   11   11   11   11   11   40   40   40   40   40   40   40   40   40   40   40   40   40   40   40   40   40   40   40   40   40   40   40   40 
   5:   80  120  120  120   11   10   11   11   11   11   11   11   40   40   40   40   40   40   40   40   40   40   40   40   40   40   40   40   40   40   40   40   40   40   40   40 
   6:   80  120  120  120   11   11   10   11   11   11   11   11   40   40   40   40   40   40   40   40   40   40   40   40   40   40   40   40   40   40   40   40   40   40   40   40 
   7:   80  120  120  120   11   11   11   10   11   11   11   11   40   40   40   40   40   40   40   40   40   40   40   40   40   40   40   40   40   40   40   40   40   40   40   40 
   8:   80  120  120  120   11   11   11   11   10   11   11   11   40   40   40   40   40   40   40   40   40   40   40   40   40   40   40   40   40   40   40   40   40   40   40   40 
   9:   80  120  120  120   11   11   11   11   11   10   11   11   40   40   40   40   40   40   40   40   40   40   40   40   40   40   40   40   40   40   40   40   40   40   40   40 
  10:   80  120  120  120   11   11   11   11   11   11   10   11   40   40   40   40   40   40   40   40   40   40   40   40   40   40   40   40   40   40   40   40   40   40   40   40 
  11:   80  120  120  120   11   11   11   11   11   11   11   10   40   40   40   40   40   40   40   40   40   40   40   40   40   40   40   40   40   40   40   40   40   40   40   40 
  12:  120   80  120  120   40   40   40   40   40   40   40   40   10   11   11   11   11   11   11   11   40   40   40   40   40   40   40   40   40   40   40   40   40   40   40   40 
  13:  120   80  120  120   40   40   40   40   40   40   40   40   11   10   11   11   11   11   11   11   40   40   40   40   40   40   40   40   40   40   40   40   40   40   40   40 
  14:  120   80  120  120   40   40   40   40   40   40   40   40   11   11   10   11   11   11   11   11   40   40   40   40   40   40   40   40   40   40   40   40   40   40   40   40 
  15:  120   80  120  120   40   40   40   40   40   40   40   40   11   11   11   10   11   11   11   11   40   40   40   40   40   40   40   40   40   40   40   40   40   40   40   40 
  16:  120   80  120  120   40   40   40   40   40   40   40   40   11   11   11   11   10   11   11   11   40   40   40   40   40   40   40   40   40   40   40   40   40   40   40   40 
  17:  120   80  120  120   40   40   40   40   40   40   40   40   11   11   11   11   11   10   11   11   40   40   40   40   40   40   40   40   40   40   40   40   40   40   40   40 
  18:  120   80  120  120   40   40   40   40   40   40   40   40   11   11   11   11   11   11   10   11   40   40   40   40   40   40   40   40   40   40   40   40   40   40   40   40 
  19:  120   80  120  120   40   40   40   40   40   40   40   40   11   11   11   11   11   11   11   10   40   40   40   40   40   40   40   40   40   40   40   40   40   40   40   40 
  20:  120  120   80  120   40   40   40   40   40   40   40   40   40   40   40   40   40   40   40   40   10   11   11   11   11   11   11   11   40   40   40   40   40   40   40   40 
  21:  120  120   80  120   40   40   40   40   40   40   40   40   40   40   40   40   40   40   40   40   11   10   11   11   11   11   11   11   40   40   40   40   40   40   40   40 
  22:  120  120   80  120   40   40   40   40   40   40   40   40   40   40   40   40   40   40   40   40   11   11   10   11   11   11   11   11   40   40   40   40   40   40   40   40 
  23:  120  120   80  120   40   40   40   40   40   40   40   40   40   40   40   40   40   40   40   40   11   11   11   10   11   11   11   11   40   40   40   40   40   40   40   40 
  24:  120  120   80  120   40   40   40   40   40   40   40   40   40   40   40   40   40   40   40   40   11   11   11   11   10   11   11   11   40   40   40   40   40   40   40   40 
  25:  120  120   80  120   40   40   40   40   40   40   40   40   40   40   40   40   40   40   40   40   11   11   11   11   11   10   11   11   40   40   40   40   40   40   40   40 
  26:  120  120   80  120   40   40   40   40   40   40   40   40   40   40   40   40   40   40   40   40   11   11   11   11   11   11   10   11   40   40   40   40   40   40   40   40 
  27:  120  120   80  120   40   40   40   40   40   40   40   40   40   40   40   40   40   40   40   40   11   11   11   11   11   11   11   10   40   40   40   40   40   40   40   40 
  28:  120  120  120   80   40   40   40   40   40   40   40   40   40   40   40   40   40   40   40   40   40   40   40   40   40   40   40   40   10   11   11   11   11   11   11   11 
  29:  120  120  120   80   40   40   40   40   40   40   40   40   40   40   40   40   40   40   40   40   40   40   40   40   40   40   40   40   11   10   11   11   11   11   11   11 
  30:  120  120  120   80   40   40   40   40   40   40   40   40   40   40   40   40   40   40   40   40   40   40   40   40   40   40   40   40   11   11   10   11   11   11   11   11 
  31:  120  120  120   80   40   40   40   40   40   40   40   40   40   40   40   40   40   40   40   40   40   40   40   40   40   40   40   40   11   11   11   10   11   11   11   11 
  32:  120  120  120   80   40   40   40   40   40   40   40   40   40   40   40   40   40   40   40   40   40   40   40   40   40   40   40   40   11   11   11   11   10   11   11   11 
  33:  120  120  120   80   40   40   40   40   40   40   40   40   40   40   40   40   40   40   40   40   40   40   40   40   40   40   40   40   11   11   11   11   11   10   11   11 
  34:  120  120  120   80   40   40   40   40   40   40   40   40   40   40   40   40   40   40   40   40   40   40   40   40   40   40   40   40   11   11   11   11   11   11   10   11 
  35:  120  120  120   80   40   40   40   40   40   40   40   40   40   40   40   40   40   40   40   40   40   40   40   40   40   40   40   40   11   11   11   11   11   11   11   10 
0

===== GPU =====
GPU 0: NVIDIA GH200 120GB (UUID: GPU-c76652c0-6a2d-003b-8c42-730da828b246)
GPU 1: NVIDIA GH200 120GB (UUID: GPU-3bc1033e-418d-0d10-76d1-fb1ad1cb8e91)
GPU 2: NVIDIA GH200 120GB (UUID: GPU-d14a1443-07ca-f4c5-86a1-e994b7403216)
GPU 3: NVIDIA GH200 120GB (UUID: GPU-d6e7d56a-b916-80a7-8288-a131a026b737)
0, NVIDIA GH200 120GB, 97871 MiB, 00000009:01:00.0, 595.71.05
1, NVIDIA GH200 120GB, 97871 MiB, 00000019:01:00.0, 595.71.05
2, NVIDIA GH200 120GB, 97871 MiB, 00000029:01:00.0, 595.71.05
3, NVIDIA GH200 120GB, 97871 MiB, 00000039:01:00.0, 595.71.05
	[4mGPU0	GPU1	GPU2	GPU3	NIC0	NIC1	NIC2	NIC3	CPU Affinity	NUMA Affinity	GPU NUMA ID[0m
GPU0	 X 	NV6	NV6	NV6	NODE	SYS	SYS	SYS	0-71	0		4
GPU1	NV6	 X 	NV6	NV6	SYS	NODE	SYS	SYS	72-143	1		12
GPU2	NV6	NV6	 X 	NV6	SYS	SYS	NODE	SYS	144-215	2		20
GPU3	NV6	NV6	NV6	 X 	SYS	SYS	SYS	NODE	216-287	3		28
NIC0	NODE	SYS	SYS	SYS	 X 	SYS	SYS	SYS				
NIC1	SYS	NODE	SYS	SYS	SYS	 X 	SYS	SYS				
NIC2	SYS	SYS	NODE	SYS	SYS	SYS	 X 	SYS				
NIC3	SYS	SYS	SYS	NODE	SYS	SYS	SYS	 X 				

Legend:

  X    = Self
  SYS  = Connection traversing PCIe as well as the SMP interconnect between NUMA nodes (e.g., QPI/UPI)
  NODE = Connection traversing PCIe as well as the interconnect between PCIe Host Bridges within a NUMA node
  PHB  = Connection traversing PCIe as well as a PCIe Host Bridge (typically the CPU)
  PXB  = Connection traversing multiple PCIe bridges (without traversing the PCIe Host Bridge)
  PIX  = Connection traversing at most a single PCIe bridge
  NV#  = Connection traversing a bonded set of # NVLinks

NIC Legend:

  NIC0: mlx5_0
  NIC1: mlx5_1
  NIC2: mlx5_2
  NIC3: mlx5_3

 	[4mGPU0	GPU1	GPU2	GPU3	[0m
 GPU0	X	OK	OK	OK	
 GPU1	OK	X	OK	OK	
 GPU2	OK	OK	X	OK	
 GPU3	OK	OK	OK	X	

Legend:

  X    = Self
  OK   = Status Ok
  CNS  = Chipset not supported
  GNS  = GPU not supported
  TNS  = Topology not supported
  NS   = Not supported
  U    = Unknown
GPU 0: NVIDIA GH200 120GB (UUID: GPU-c76652c0-6a2d-003b-8c42-730da828b246)
	 Link 0: 26.562 GB/s
	 Link 1: 26.562 GB/s
	 Link 2: 26.562 GB/s
	 Link 3: 26.562 GB/s
	 Link 4: 26.562 GB/s
	 Link 5: 26.562 GB/s
	 Link 6: 26.562 GB/s
	 Link 7: 26.562 GB/s
	 Link 8: 26.562 GB/s
	 Link 9: 26.562 GB/s
	 Link 10: 26.562 GB/s
	 Link 11: 26.562 GB/s
	 Link 12: 26.562 GB/s
	 Link 13: 26.562 GB/s
	 Link 14: 26.562 GB/s
	 Link 15: 26.562 GB/s
	 Link 16: 26.562 GB/s
	 Link 17: 26.562 GB/s
GPU 1: NVIDIA GH200 120GB (UUID: GPU-3bc1033e-418d-0d10-76d1-fb1ad1cb8e91)
	 Link 0: 26.562 GB/s
	 Link 1: 26.562 GB/s
	 Link 2: 26.562 GB/s
	 Link 3: 26.562 GB/s
	 Link 4: 26.562 GB/s
	 Link 5: 26.562 GB/s
	 Link 6: 26.562 GB/s
	 Link 7: 26.562 GB/s
	 Link 8: 26.562 GB/s
	 Link 9: 26.562 GB/s
	 Link 10: 26.562 GB/s
	 Link 11: 26.562 GB/s
	 Link 12: 26.562 GB/s
	 Link 13: 26.562 GB/s
	 Link 14: 26.562 GB/s
	 Link 15: 26.562 GB/s
	 Link 16: 26.562 GB/s
	 Link 17: 26.562 GB/s
GPU 2: NVIDIA GH200 120GB (UUID: GPU-d14a1443-07ca-f4c5-86a1-e994b7403216)
	 Link 0: 26.562 GB/s
	 Link 1: 26.562 GB/s
	 Link 2: 26.562 GB/s
	 Link 3: 26.562 GB/s
	 Link 4: 26.562 GB/s
	 Link 5: 26.562 GB/s
	 Link 6: 26.562 GB/s
	 Link 7: 26.562 GB/s
	 Link 8: 26.562 GB/s
	 Link 9: 26.562 GB/s
	 Link 10: 26.562 GB/s
	 Link 11: 26.562 GB/s
	 Link 12: 26.562 GB/s
	 Link 13: 26.562 GB/s
	 Link 14: 26.562 GB/s
	 Link 15: 26.562 GB/s
	 Link 16: 26.562 GB/s
	 Link 17: 26.562 GB/s
GPU 3: NVIDIA GH200 120GB (UUID: GPU-d6e7d56a-b916-80a7-8288-a131a026b737)
	 Link 0: 26.562 GB/s
	 Link 1: 26.562 GB/s
	 Link 2: 26.562 GB/s
	 Link 3: 26.562 GB/s
	 Link 4: 26.562 GB/s
	 Link 5: 26.562 GB/s
	 Link 6: 26.562 GB/s
	 Link 7: 26.562 GB/s
	 Link 8: 26.562 GB/s
	 Link 9: 26.562 GB/s
	 Link 10: 26.562 GB/s
	 Link 11: 26.562 GB/s
	 Link 12: 26.562 GB/s
	 Link 13: 26.562 GB/s
	 Link 14: 26.562 GB/s
	 Link 15: 26.562 GB/s
	 Link 16: 26.562 GB/s
	 Link 17: 26.562 GB/s

===== PCI_INFINIBAND =====
0000:00:00.0 PCI bridge [0604]: NVIDIA Corporation Device [10de:22b2]
0000:01:00.0 PCI bridge [0604]: Mellanox Technologies MT2910 Family [ConnectX-7 PCIe Bridge] [15b3:1979]
0000:02:00.0 PCI bridge [0604]: Mellanox Technologies MT2910 Family [ConnectX-7 PCIe Bridge] [15b3:1979]
0000:02:02.0 PCI bridge [0604]: Mellanox Technologies MT2910 Family [ConnectX-7 PCIe Bridge] [15b3:1979]
0000:03:00.0 Infiniband controller [0207]: Mellanox Technologies MT2910 Family [ConnectX-7] [15b3:1021]
0000:04:00.0 PCI bridge [0604]: Mellanox Technologies MT2910 Family [ConnectX-7 PCIe Bridge] [15b3:1979]
0000:05:00.0 PCI bridge [0604]: Mellanox Technologies MT2910 Family [ConnectX-7 PCIe Bridge] [15b3:1979]
0002:00:00.0 PCI bridge [0604]: NVIDIA Corporation Device [10de:22b2]
0005:00:00.0 PCI bridge [0604]: NVIDIA Corporation Device [10de:22b8]
0007:00:00.0 PCI bridge [0604]: NVIDIA Corporation Device [10de:22b8]
0008:00:00.0 PCI bridge [0604]: NVIDIA Corporation Device [10de:22b9]
0009:00:00.0 PCI bridge [0604]: NVIDIA Corporation Device [10de:22b1]
0009:01:00.0 3D controller [0302]: NVIDIA Corporation GH100 [GH200 120GB / 480GB] [10de:2342] (rev a1)
0010:00:00.0 PCI bridge [0604]: NVIDIA Corporation Device [10de:22b2]
0010:01:00.0 PCI bridge [0604]: Mellanox Technologies MT2910 Family [ConnectX-7 PCIe Bridge] [15b3:1979]
0010:02:00.0 PCI bridge [0604]: Mellanox Technologies MT2910 Family [ConnectX-7 PCIe Bridge] [15b3:1979]
0010:02:02.0 PCI bridge [0604]: Mellanox Technologies MT2910 Family [ConnectX-7 PCIe Bridge] [15b3:1979]
0010:03:00.0 Infiniband controller [0207]: Mellanox Technologies MT2910 Family [ConnectX-7] [15b3:1021]
0010:04:00.0 PCI bridge [0604]: Mellanox Technologies MT2910 Family [ConnectX-7 PCIe Bridge] [15b3:1979]
0010:05:00.0 PCI bridge [0604]: Mellanox Technologies MT2910 Family [ConnectX-7 PCIe Bridge] [15b3:1979]
0012:00:00.0 PCI bridge [0604]: NVIDIA Corporation Device [10de:22b2]
0015:00:00.0 PCI bridge [0604]: NVIDIA Corporation Device [10de:22b8]
0017:00:00.0 PCI bridge [0604]: NVIDIA Corporation Device [10de:22b8]
0019:00:00.0 PCI bridge [0604]: NVIDIA Corporation Device [10de:22b1]
0019:01:00.0 3D controller [0302]: NVIDIA Corporation GH100 [GH200 120GB / 480GB] [10de:2342] (rev a1)
0020:00:00.0 PCI bridge [0604]: NVIDIA Corporation Device [10de:22b2]
0020:01:00.0 PCI bridge [0604]: Mellanox Technologies MT2910 Family [ConnectX-7 PCIe Bridge] [15b3:1979]
0020:02:00.0 PCI bridge [0604]: Mellanox Technologies MT2910 Family [ConnectX-7 PCIe Bridge] [15b3:1979]
0020:02:02.0 PCI bridge [0604]: Mellanox Technologies MT2910 Family [ConnectX-7 PCIe Bridge] [15b3:1979]
0020:03:00.0 Infiniband controller [0207]: Mellanox Technologies MT2910 Family [ConnectX-7] [15b3:1021]
0020:04:00.0 PCI bridge [0604]: Mellanox Technologies MT2910 Family [ConnectX-7 PCIe Bridge] [15b3:1979]
0020:05:00.0 PCI bridge [0604]: Mellanox Technologies MT2910 Family [ConnectX-7 PCIe Bridge] [15b3:1979]
0022:00:00.0 PCI bridge [0604]: NVIDIA Corporation Device [10de:22b2]
0025:00:00.0 PCI bridge [0604]: NVIDIA Corporation Device [10de:22b8]
0027:00:00.0 PCI bridge [0604]: NVIDIA Corporation Device [10de:22b8]
0029:00:00.0 PCI bridge [0604]: NVIDIA Corporation Device [10de:22b1]
0029:01:00.0 3D controller [0302]: NVIDIA Corporation GH100 [GH200 120GB / 480GB] [10de:2342] (rev a1)
0030:00:00.0 PCI bridge [0604]: NVIDIA Corporation Device [10de:22b2]
0030:01:00.0 PCI bridge [0604]: Mellanox Technologies MT2910 Family [ConnectX-7 PCIe Bridge] [15b3:1979]
0030:02:00.0 PCI bridge [0604]: Mellanox Technologies MT2910 Family [ConnectX-7 PCIe Bridge] [15b3:1979]
0030:02:02.0 PCI bridge [0604]: Mellanox Technologies MT2910 Family [ConnectX-7 PCIe Bridge] [15b3:1979]
0030:03:00.0 Infiniband controller [0207]: Mellanox Technologies MT2910 Family [ConnectX-7] [15b3:1021]
0030:04:00.0 PCI bridge [0604]: Mellanox Technologies MT2910 Family [ConnectX-7 PCIe Bridge] [15b3:1979]
0030:05:00.0 PCI bridge [0604]: Mellanox Technologies MT2910 Family [ConnectX-7 PCIe Bridge] [15b3:1979]
0032:00:00.0 PCI bridge [0604]: NVIDIA Corporation Device [10de:22b2]
0035:00:00.0 PCI bridge [0604]: NVIDIA Corporation Device [10de:22b8]
0037:00:00.0 PCI bridge [0604]: NVIDIA Corporation Device [10de:22b8]
0038:00:00.0 PCI bridge [0604]: NVIDIA Corporation Device [10de:22b9]
0039:00:00.0 PCI bridge [0604]: NVIDIA Corporation Device [10de:22b1]
0039:01:00.0 3D controller [0302]: NVIDIA Corporation GH100 [GH200 120GB / 480GB] [10de:2342] (rev a1)
mlx5_0|bdf=0000:03:00.0|numa=0
mlx5_1|bdf=0010:03:00.0|numa=1
mlx5_2|bdf=0020:03:00.0|numa=2
mlx5_3|bdf=0030:03:00.0|numa=3
CA 'mlx5_0'
	CA type: MT4129
	Number of ports: 1
	Firmware version: 28.46.3048
	Hardware version: 0
	Node GUID: 0x9c63c003008cd6f6
	System image GUID: 0x9c63c003008cd6f6
	Port 1:
		State: Active
		Physical state: LinkUp
		Rate: 200
		Base lid: 25096
		LMC: 0
		SM lid: 277
		Capability mask: 0xa751e848
		Port GUID: 0x9c63c003008cd6f6
		Link layer: InfiniBand
CA 'mlx5_1'
	CA type: MT4129
	Number of ports: 1
	Firmware version: 28.46.3048
	Hardware version: 0
	Node GUID: 0x9c63c003008cd6f2
	System image GUID: 0x9c63c003008cd6f2
	Port 1:
		State: Active
		Physical state: LinkUp
		Rate: 200
		Base lid: 25218
		LMC: 0
		SM lid: 277
		Capability mask: 0xa751e848
		Port GUID: 0x9c63c003008cd6f2
		Link layer: InfiniBand
CA 'mlx5_2'
	CA type: MT4129
	Number of ports: 1
	Firmware version: 28.46.3048
	Hardware version: 0
	Node GUID: 0x9c63c003008cd6ea
	System image GUID: 0x9c63c003008cd6ea
	Port 1:
		State: Active
		Physical state: LinkUp
		Rate: 200
		Base lid: 25213
		LMC: 0
		SM lid: 277
		Capability mask: 0xa751e848
		Port GUID: 0x9c63c003008cd6ea
		Link layer: InfiniBand
CA 'mlx5_3'
	CA type: MT4129
	Number of ports: 1
	Firmware version: 28.46.3048
	Hardware version: 0
	Node GUID: 0x9c63c003008cd6ee
	System image GUID: 0x9c63c003008cd6ee
	Port 1:
		State: Active
		Physical state: LinkUp
		Rate: 200
		Base lid: 25216
		LMC: 0
		SM lid: 277
		Capability mask: 0xa751e848
		Port GUID: 0x9c63c003008cd6ee
		Link layer: InfiniBand

===== RELEVANT_NUMA_DOMAINS =====
node0|cpus=0-71
Node 0 MemTotal:       124597888 kB
node1|cpus=72-143
Node 1 MemTotal:       125528960 kB
node2|cpus=144-215
Node 2 MemTotal:       125575808 kB
node3|cpus=216-287
Node 3 MemTotal:       125459200 kB
node4|cpus=
Node 4 MemTotal:       99614720 kB
node12|cpus=
Node 12 MemTotal:       99614720 kB
node20|cpus=
Node 20 MemTotal:       99614720 kB
node28|cpus=
Node 28 MemTotal:       99614720 kB

===== SLURM_BINDING =====
cpu-bind=MASK - jpbo-024-02, task  0  0 [804458]: mask 0xffffffffffffffffff set
cpu-bind=MASK - jpbo-024-02, task  1  1 [804459]: mask 0xffffffffffffffffff000000000000000000 set
cpu-bind=MASK - jpbo-024-02, task  2  2 [804460]: mask 0xffffffffffffffffff000000000000000000000000000000000000 set
cpu-bind=MASK - jpbo-024-02, task  3  3 [804461]: mask 0xffffffffffffffffff000000000000000000000000000000000000000000000000000000 set
rank=2|gpu=2|cpus=144-215
rank=2|policy: default
rank=2|preferred node: current
rank=2|physcpubind: 144 145 146 147 148 149 150 151 152 153 154 155 156 157 158 159 160 161 162 163 164 165 166 167 168 169 170 171 172 173 174 175 176 177 178 179 180 181 182 183 184 185 186 187 188 189 190 191 192 193 194 195 196 197 198 199 200 201 202 203 204 205 206 207 208 209 210 211 212 213 214 215 
rank=2|cpubind: 2 
rank=2|nodebind: 2 
rank=2|membind: 0 1 2 3 4 12 20 28 
rank=2|preferred: 
rank=0|gpu=0|cpus=0-71
rank=0|policy: default
rank=0|preferred node: current
rank=0|physcpubind: 0 1 2 3 4 5 6 7 8 9 10 11 12 13 14 15 16 17 18 19 20 21 22 23 24 25 26 27 28 29 30 31 32 33 34 35 36 37 38 39 40 41 42 43 44 45 46 47 48 49 50 51 52 53 54 55 56 57 58 59 60 61 62 63 64 65 66 67 68 69 70 71 
rank=0|cpubind: 0 
rank=0|nodebind: 0 
rank=0|membind: 0 1 2 3 4 12 20 28 
rank=0|preferred: 
rank=3|gpu=3|cpus=216-287
rank=3|policy: default
rank=3|preferred node: current
rank=3|physcpubind: 216 217 218 219 220 221 222 223 224 225 226 227 228 229 230 231 232 233 234 235 236 237 238 239 240 241 242 243 244 245 246 247 248 249 250 251 252 253 254 255 256 257 258 259 260 261 262 263 264 265 266 267 268 269 270 271 272 273 274 275 276 277 278 279 280 281 282 283 284 285 286 287 
rank=3|cpubind: 3 
rank=3|nodebind: 3 
rank=3|membind: 0 1 2 3 4 12 20 28 
rank=3|preferred: 
rank=1|gpu=1|cpus=72-143
rank=1|policy: default
rank=1|preferred node: current
rank=1|physcpubind: 72 73 74 75 76 77 78 79 80 81 82 83 84 85 86 87 88 89 90 91 92 93 94 95 96 97 98 99 100 101 102 103 104 105 106 107 108 109 110 111 112 113 114 115 116 117 118 119 120 121 122 123 124 125 126 127 128 129 130 131 132 133 134 135 136 137 138 139 140 141 142 143 
rank=1|cpubind: 1 
rank=1|nodebind: 1 
rank=1|membind: 0 1 2 3 4 12 20 28 
rank=1|preferred: 
